// Jest Snapshot v1, https://goo.gl/fbAQLP

exports[`renders correctly 1`] = `
<div
  className="css-1g6kzc4"
>
  <h1
    className="css-9dmjok"
  >
    Trollify
  </h1>
  <h2
    className="css-1ys0kik"
  >
    Find ridiculous songs to add to your company's Spotify playlist
  </h2>
  <div
    className="css-rfux3y"
  >
    <div>
      <p>
        Step 1: Select a genre
      </p>
      <select
        className="css-1bl1n8v"
        onChange={[Function]}
        value="acoustic"
      >
        <option>
          loading
        </option>
      </select>
    </div>
    <div>
      <p>
        Step 2: Select the popularity
      </p>
      <input
        className="css-q7300q"
        max={99}
        min={1}
        onChange={[Function]}
        step={1}
        type="range"
        value={50}
      />
      <span>
        50
      </span>
    </div>
  </div>
  <div
    className="css-1jreqdg"
  >
    <audio
      preload="none"
      src={undefined}
    />
    <h3
      className="css-533csn"
    >
      Hi :)
    </h3>
  </div>
  <span
    className="css-1wvs00p"
  >
    *Some genres have a popularity cap*
  </span>
</div>
`;
